// Jest Snapshot v1, https://goo.gl/fbAQLP

exports[`ParticipantList component testing renders the UI as expected 1`] = `
<ul>
  <li
    className="session-participant"
  >
    <img
      alt="participant of {altText}"
      src="https://robohash.org/itaquevoluptatumrerum.jpg?size=200x200&set=set1"
    />
    <div
      className="participant-info"
    >
      <h6>
        Koren Templeton
      </h6>
      <div
        className="participant-status status_green"
      >
        on stage
        ;
      </div>
    </div>
  </li>
  <li
    className="session-participant"
  >
    <img
      alt="participant of {altText}"
      src="https://robohash.org/doloredolorescupiditate.jpg?size=200x200&set=set1"
    />
    <div
      className="participant-info"
    >
      <h6>
        Caty Flucker
      </h6>
      <div
        className="participant-status status_green"
      >
        on stage
        ;
      </div>
    </div>
  </li>
  <li
    className="session-participant"
  >
    <img
      alt="participant of {altText}"
      src="https://robohash.org/etexercitationemassumenda.jpg?size=200x200&set=set1"
    />
    <div
      className="participant-info"
    >
      <h6>
        Frank Runciman
      </h6>
      <div
        className="participant-status status_green"
      >
        in session
        ;
      </div>
    </div>
  </li>
  <li
    className="session-participant"
  >
    <img
      alt="participant of {altText}"
      src="https://robohash.org/iustodoloremqueinventore.jpg?size=200x200&set=set1"
    />
    <div
      className="participant-info"
    >
      <h6>
        Ashla Attwool
      </h6>
      <div
        className="participant-status status_green"
      >
        on stage
        ;
      </div>
    </div>
  </li>
  <li
    className="session-participant"
  >
    <img
      alt="participant of {altText}"
      src="https://robohash.org/utlaborumfugit.jpg?size=200x200&set=set1"
    />
    <div
      className="participant-info"
    >
      <h6>
        Axe Kubicka
      </h6>
      <div
        className="participant-status status_grey"
      >
        left session
        ;
      </div>
    </div>
  </li>
</ul>
`;
